2025-07-21 19:05:48,588 - INFO - Created new employee: EMP24024
2025-07-21 19:06:44,061 - INFO - Created new employee: EMP24012
2025-07-21 19:07:03,379 - INFO - Created new employee: EMP24031
2025-07-21 19:07:17,839 - INFO - Created new employee: EMP24080
2025-07-21 19:07:43,049 - INFO - Created new employee: EMP24007
2025-07-21 19:07:58,249 - INFO - Fetched all employees (sync)
2025-07-21 19:08:27,034 - INFO - Fetched employee with ID EMP24007 (sync).
2025-07-21 19:08:34,963 - WARNING - Employee with ID EMP24000 not found.
2025-07-21 19:11:16,308 - INFO - Updated employee: EMP24007
2025-07-21 19:11:29,233 - INFO - Created new employee: EMP24000
2025-07-21 19:11:36,925 - INFO - Deleted employee: EMP24000
2025-07-21 19:12:37,857 - INFO - Created new employee: EMP24056
2025-07-21 19:13:18,751 - INFO - Created new employee: EMP24050
2025-07-21 19:13:34,228 - INFO - Created new employee: EMP24070
2025-07-21 19:13:52,225 - INFO - Fetched all employees (async)
2025-07-21 19:14:08,632 - INFO - Fetched employee: EMP24070
2025-07-21 19:14:15,278 - WARNING - Get failed: Employee ID EMP24009 not found
2025-07-21 19:14:34,745 - INFO - Updated employee: EMP24056
2025-07-21 19:14:46,734 - INFO - Created new employee: EMP24009
2025-07-21 19:14:53,073 - INFO - Deleted employee: EMP24009
2025-07-21 19:15:05,158 - INFO - Fetched all employees (async)
