2025-06-17 18:29:07,218 - app.Utils.decorators - INFO - MainThread - Executing: fetch_news_articles
2025-06-17 18:29:07,219 - app.Utils.decorators - ERROR - MainThread - Error while Executing: fetch_news_articles : fetch_news_articles() missing 1 required positional argument: 'count'
Traceback (most recent call last):
  File "D:\Library_Management_Dev\library_mangement\News_API\app\Utils\decorators.py", line 12, in wrapper
    return func(*args,**kwargs)
TypeError: fetch_news_articles() missing 1 required positional argument: 'count'
2025-06-17 18:33:40,608 - app.Utils.decorators - INFO - MainThread - Executing: fetch_news_articles
2025-06-17 18:33:40,609 - app.Utils.decorators - ERROR - MainThread - Error while Executing: fetch_news_articles : fetch_news_articles() missing 1 required positional argument: 'count'
Traceback (most recent call last):
  File "D:\Library_Management_Dev\library_mangement\News_API\app\Utils\decorators.py", line 12, in wrapper
    return func(*args,**kwargs)
TypeError: fetch_news_articles() missing 1 required positional argument: 'count'
2025-06-17 18:36:30,987 - app.Utils.decorators - INFO - MainThread - Executing: fetch_news_articles
2025-06-17 18:36:30,988 - app.Service.news_service - INFO - MainThread - Fetching news articles...
2025-06-17 18:36:31,413 - app.Utils.decorators - ERROR - MainThread - Error while Executing: fetch_news_articles : 400 Client Error: Bad Request for url: https://newsapi.org/v2/everything?apiKey=c817dfe2893147c1ae5d0dae5e5458da&pageSize=5
Traceback (most recent call last):
  File "D:\Library_Management_Dev\library_mangement\News_API\app\Utils\decorators.py", line 12, in wrapper
    return func(*args,**kwargs)
  File "D:\Library_Management_Dev\library_mangement\News_API\app\Service\news_service.py", line 53, in fetch_news_articles
    response.raise_for_status()
    ~~~~~~~~~~~~~~~~~~~~~~~~~^^
  File "C:\Users\svcs\anaconda3\envs\py_llm\Lib\site-packages\requests\models.py", line 1026, in raise_for_status
    raise HTTPError(http_error_msg, response=self)
requests.exceptions.HTTPError: 400 Client Error: Bad Request for url: https://newsapi.org/v2/everything?apiKey=c817dfe2893147c1ae5d0dae5e5458da&pageSize=5
2025-06-17 18:39:04,118 - app.Utils.decorators - INFO - MainThread - Executing: fetch_news_articles
2025-06-17 18:39:04,119 - app.Service.news_service - INFO - MainThread - Fetching news articles...
2025-06-17 18:39:04,604 - app.Service.news_service - INFO - MainThread - Fetched 5 articles
2025-06-17 18:39:04,605 - app.Utils.decorators - INFO - MainThread - Executing: process_news_articles
2025-06-17 18:39:04,606 - app.Utils.decorators - INFO - MainThread - Executing: generate_headlines
2025-06-17 18:39:19,250 - app.Service.news_service - INFO - MainThread - Returning generated headlines
2025-06-17 18:39:19,287 - app.Utils.decorators - INFO - MainThread - Executing: mean_embedding
2025-06-17 18:39:19,795 - app.Service.news_service - INFO - MainThread - Gnerated mean_embeddings
2025-06-17 18:39:19,795 - app.Utils.decorators - INFO - MainThread - Executing: mean_embedding
2025-06-17 18:39:19,999 - app.Service.news_service - INFO - MainThread - Gnerated mean_embeddings
2025-06-17 18:39:20,004 - app.Utils.decorators - INFO - MainThread - Executing: mean_embedding
2025-06-17 18:39:20,206 - app.Service.news_service - INFO - MainThread - Gnerated mean_embeddings
2025-06-17 18:39:20,207 - app.Utils.decorators - INFO - MainThread - Executing: mean_embedding
2025-06-17 18:39:20,414 - app.Service.news_service - INFO - MainThread - Gnerated mean_embeddings
2025-06-17 18:39:20,415 - app.Utils.decorators - INFO - MainThread - Executing: mean_embedding
2025-06-17 18:39:20,611 - app.Service.news_service - INFO - MainThread - Gnerated mean_embeddings
2025-06-17 18:39:20,612 - app.Utils.decorators - INFO - MainThread - Executing: mean_embedding
2025-06-17 18:39:20,807 - app.Service.news_service - INFO - MainThread - Gnerated mean_embeddings
2025-06-17 18:39:20,808 - app.Service.news_service - INFO - MainThread - Appended headlines for the article
2025-06-17 18:39:20,812 - app.Utils.decorators - INFO - MainThread - Executing: generate_headlines
2025-06-17 18:39:29,544 - app.Service.news_service - INFO - MainThread - Returning generated headlines
2025-06-17 18:39:29,568 - app.Utils.decorators - INFO - MainThread - Executing: mean_embedding
2025-06-17 18:39:29,876 - app.Service.news_service - INFO - MainThread - Gnerated mean_embeddings
2025-06-17 18:39:29,877 - app.Utils.decorators - INFO - MainThread - Executing: mean_embedding
2025-06-17 18:39:30,072 - app.Service.news_service - INFO - MainThread - Gnerated mean_embeddings
2025-06-17 18:39:30,073 - app.Utils.decorators - INFO - MainThread - Executing: mean_embedding
2025-06-17 18:39:30,274 - app.Service.news_service - INFO - MainThread - Gnerated mean_embeddings
2025-06-17 18:39:30,275 - app.Utils.decorators - INFO - MainThread - Executing: mean_embedding
2025-06-17 18:39:30,467 - app.Service.news_service - INFO - MainThread - Gnerated mean_embeddings
2025-06-17 18:39:30,468 - app.Utils.decorators - INFO - MainThread - Executing: mean_embedding
2025-06-17 18:39:30,664 - app.Service.news_service - INFO - MainThread - Gnerated mean_embeddings
2025-06-17 18:39:30,665 - app.Utils.decorators - INFO - MainThread - Executing: mean_embedding
2025-06-17 18:39:30,855 - app.Service.news_service - INFO - MainThread - Gnerated mean_embeddings
2025-06-17 18:39:30,856 - app.Service.news_service - INFO - MainThread - Appended headlines for the article
2025-06-17 18:39:30,858 - app.Utils.decorators - INFO - MainThread - Executing: generate_headlines
2025-06-17 18:39:39,202 - app.Service.news_service - INFO - MainThread - Returning generated headlines
2025-06-17 18:39:39,234 - app.Utils.decorators - INFO - MainThread - Executing: mean_embedding
2025-06-17 18:39:39,516 - app.Service.news_service - INFO - MainThread - Gnerated mean_embeddings
2025-06-17 18:39:39,517 - app.Utils.decorators - INFO - MainThread - Executing: mean_embedding
2025-06-17 18:39:39,725 - app.Service.news_service - INFO - MainThread - Gnerated mean_embeddings
2025-06-17 18:39:39,726 - app.Utils.decorators - INFO - MainThread - Executing: mean_embedding
2025-06-17 18:39:39,920 - app.Service.news_service - INFO - MainThread - Gnerated mean_embeddings
2025-06-17 18:39:39,921 - app.Utils.decorators - INFO - MainThread - Executing: mean_embedding
2025-06-17 18:39:40,119 - app.Service.news_service - INFO - MainThread - Gnerated mean_embeddings
2025-06-17 18:39:40,121 - app.Utils.decorators - INFO - MainThread - Executing: mean_embedding
2025-06-17 18:39:40,318 - app.Service.news_service - INFO - MainThread - Gnerated mean_embeddings
2025-06-17 18:39:40,319 - app.Utils.decorators - INFO - MainThread - Executing: mean_embedding
2025-06-17 18:39:40,526 - app.Service.news_service - INFO - MainThread - Gnerated mean_embeddings
2025-06-17 18:39:40,527 - app.Service.news_service - INFO - MainThread - Appended headlines for the article
2025-06-17 18:39:40,529 - app.Utils.decorators - INFO - MainThread - Executing: generate_headlines
2025-06-17 18:39:48,981 - app.Service.news_service - INFO - MainThread - Returning generated headlines
2025-06-17 18:39:49,014 - app.Utils.decorators - INFO - MainThread - Executing: mean_embedding
2025-06-17 18:39:49,314 - app.Service.news_service - INFO - MainThread - Gnerated mean_embeddings
2025-06-17 18:39:49,315 - app.Utils.decorators - INFO - MainThread - Executing: mean_embedding
2025-06-17 18:39:49,509 - app.Service.news_service - INFO - MainThread - Gnerated mean_embeddings
2025-06-17 18:39:49,510 - app.Utils.decorators - INFO - MainThread - Executing: mean_embedding
2025-06-17 18:39:49,707 - app.Service.news_service - INFO - MainThread - Gnerated mean_embeddings
2025-06-17 18:39:49,708 - app.Utils.decorators - INFO - MainThread - Executing: mean_embedding
2025-06-17 18:39:49,914 - app.Service.news_service - INFO - MainThread - Gnerated mean_embeddings
2025-06-17 18:39:49,915 - app.Utils.decorators - INFO - MainThread - Executing: mean_embedding
2025-06-17 18:39:50,097 - app.Service.news_service - INFO - MainThread - Gnerated mean_embeddings
2025-06-17 18:39:50,098 - app.Utils.decorators - INFO - MainThread - Executing: mean_embedding
2025-06-17 18:39:50,304 - app.Service.news_service - INFO - MainThread - Gnerated mean_embeddings
2025-06-17 18:39:50,305 - app.Service.news_service - INFO - MainThread - Appended headlines for the article
2025-06-17 18:39:50,307 - app.Utils.decorators - INFO - MainThread - Executing: generate_headlines
2025-06-17 18:39:59,694 - app.Service.news_service - INFO - MainThread - Returning generated headlines
2025-06-17 18:39:59,731 - app.Utils.decorators - INFO - MainThread - Executing: mean_embedding
2025-06-17 18:40:00,056 - app.Service.news_service - INFO - MainThread - Gnerated mean_embeddings
2025-06-17 18:40:00,057 - app.Utils.decorators - INFO - MainThread - Executing: mean_embedding
2025-06-17 18:40:00,266 - app.Service.news_service - INFO - MainThread - Gnerated mean_embeddings
2025-06-17 18:40:00,267 - app.Utils.decorators - INFO - MainThread - Executing: mean_embedding
2025-06-17 18:40:00,463 - app.Service.news_service - INFO - MainThread - Gnerated mean_embeddings
2025-06-17 18:40:00,464 - app.Utils.decorators - INFO - MainThread - Executing: mean_embedding
2025-06-17 18:40:00,659 - app.Service.news_service - INFO - MainThread - Gnerated mean_embeddings
2025-06-17 18:40:00,660 - app.Utils.decorators - INFO - MainThread - Executing: mean_embedding
2025-06-17 18:40:00,846 - app.Service.news_service - INFO - MainThread - Gnerated mean_embeddings
2025-06-17 18:40:00,847 - app.Utils.decorators - INFO - MainThread - Executing: mean_embedding
2025-06-17 18:40:01,040 - app.Service.news_service - INFO - MainThread - Gnerated mean_embeddings
2025-06-17 18:40:01,041 - app.Service.news_service - INFO - MainThread - Appended headlines for the article
2025-06-17 18:40:01,043 - app.Utils.decorators - INFO - MainThread - Executing: save_to_json
2025-06-17 18:40:01,047 - app.Data.User_data - INFO - MainThread - Saved output to app\Data\llm_headline_articles.json
