2025-07-21 17:56:22,924 - INFO - Created new employee: EMP2401
2025-07-21 17:57:34,395 - INFO - Created new employee: EMP2402
2025-07-21 17:58:12,556 - INFO - Created new employee: EMP2403
2025-07-21 17:58:52,937 - INFO - Created new employee: EMP2492
2025-07-21 17:58:59,968 - WARNING - Create failed: Employee ID EMP2492 already exists
2025-07-21 18:00:10,106 - INFO - Created new employee: EMP0007
2025-07-21 18:00:51,448 - INFO - Created new employee: EMP24008
2025-07-21 18:02:14,994 - INFO - Fetched all employees
2025-07-21 18:11:27,382 - INFO - Fetched all employees (sync)
2025-07-21 18:12:50,849 - WARNING - Employee with ID "EMP2492" not found.
2025-07-21 18:13:09,876 - WARNING - Employee with ID "EMP2492" not found.
2025-07-21 18:16:21,194 - WARNING - Employee with ID "EMP2492" not found.
2025-07-21 18:17:06,639 - INFO - Fetched employee with ID EMP2492 (sync).
2025-07-21 18:19:25,497 - WARNING - Employee with ID EMP2499 not found.
2025-07-21 18:19:30,050 - WARNING - Employee with ID EMP2499 not found.
2025-07-21 18:19:37,904 - WARNING - Employee with ID EMP0000 not found.
2025-07-21 18:27:22,127 - INFO - Created new employee: EMP24023
2025-07-21 18:27:34,548 - INFO - Fetched all employees (sync)
2025-07-21 18:27:43,013 - WARNING - Employee with ID EMP0000 not found.
2025-07-21 18:27:57,777 - INFO - Fetched employee with ID EMP24023 (sync).
2025-07-21 18:30:40,113 - INFO - Updated employee: EMP24023
2025-07-21 18:33:59,370 - INFO - Created new employee: EMP24024
2025-07-21 18:35:15,386 - INFO - Fetched all employees (sync)
2025-07-21 18:35:54,354 - INFO - Deleted employee: EMP24008
2025-07-21 18:36:00,067 - INFO - Fetched all employees (sync)
2025-07-21 18:39:01,214 - INFO - Created new employee: EMP24056
2025-07-21 18:40:02,438 - INFO - Created new employee: EMP24050
2025-07-21 18:40:44,506 - INFO - Created new employee: EMP24070
2025-07-21 18:41:28,916 - INFO - Fetched all employees (async)
2025-07-21 18:42:25,596 - INFO - Fetched employee: EMP24056
2025-07-21 18:43:41,120 - INFO - Updated employee: EMP24056
2025-07-21 18:44:26,753 - WARNING - Get failed: Employee ID EMP24000 not found
2025-07-21 18:44:45,552 - INFO - Created new employee: EMP24000
2025-07-21 18:45:03,720 - INFO - Deleted employee: EMP24000
2025-07-21 18:45:57,597 - INFO - Created new employee: EMP24024
2025-07-21 18:46:06,290 - INFO - Fetched all employees (sync)
2025-07-21 18:46:49,718 - INFO - Created new employee: EMP24012
2025-07-21 18:47:28,378 - INFO - Created new employee: EMP24031
2025-07-21 18:48:04,598 - INFO - Created new employee: EMP24080
2025-07-21 18:48:37,415 - INFO - Created new employee: EMP24007
2025-07-21 18:48:41,901 - INFO - Fetched all employees (sync)
2025-07-21 18:48:54,379 - INFO - Fetched employee with ID EMP24007 (sync).
2025-07-21 18:49:36,388 - INFO - Updated employee: EMP24007
2025-07-21 18:50:10,345 - INFO - Created new employee: EMP24008
2025-07-21 18:50:15,454 - INFO - Deleted employee: EMP24008
