[2025-07-02 20:19:35,422] INFO] Starting fetch for query: 'bitcoin']
[2025-07-02 20:19:35,909] INFO] Fetching page 1 -> 200 -> https://newsapi.org/v2/everything?q=bitcoin&pageSize=20&page=1&apiKey=c817dfe2893147c1ae5d0dae5e5458da]
[2025-07-02 20:19:35,916] INFO] Page 1: Retrieved 20 articles.]
[2025-07-02 20:19:37,197] INFO] Fetching page 2 -> 200 -> https://newsapi.org/v2/everything?q=bitcoin&pageSize=20&page=2&apiKey=c817dfe2893147c1ae5d0dae5e5458da]
[2025-07-02 20:19:37,198] INFO] Page 2: Retrieved 20 articles.]
[2025-07-02 20:19:37,841] INFO] Fetching page 3 -> 200 -> https://newsapi.org/v2/everything?q=bitcoin&pageSize=20&page=3&apiKey=c817dfe2893147c1ae5d0dae5e5458da]
[2025-07-02 20:19:37,842] INFO] Page 3: Retrieved 20 articles.]
[2025-07-02 20:19:38,226] INFO] Fetching page 4 -> 200 -> https://newsapi.org/v2/everything?q=bitcoin&pageSize=20&page=4&apiKey=c817dfe2893147c1ae5d0dae5e5458da]
[2025-07-02 20:19:38,227] INFO] Page 4: Retrieved 20 articles.]
[2025-07-02 20:19:38,653] INFO] Fetching page 5 -> 200 -> https://newsapi.org/v2/everything?q=bitcoin&pageSize=20&page=5&apiKey=c817dfe2893147c1ae5d0dae5e5458da]
[2025-07-02 20:19:38,654] INFO] Page 5: Retrieved 20 articles.]
[2025-07-02 20:19:38,655] INFO] Total fetched: 100]
[2025-07-02 20:19:38,975] INFO] Saved article to queue\8e19020a-7eca-4321-8a32-5b8ea0c44d93\8e19020a-7eca-4321-8a32-5b8ea0c44d93.json]
[2025-07-02 20:19:39,461] INFO] Saved article to queue\d117b84d-e5a6-49f7-9e8e-90ab0eafcf71\d117b84d-e5a6-49f7-9e8e-90ab0eafcf71.json]
[2025-07-02 20:19:39,645] INFO] Saved article to queue\b23910b1-31fb-456a-8c0f-96c65ba6aa99\b23910b1-31fb-456a-8c0f-96c65ba6aa99.json]
[2025-07-02 20:19:39,813] INFO] Saved article to queue\9e054e6f-cf15-4b0d-81ce-f1f795fd80a3\9e054e6f-cf15-4b0d-81ce-f1f795fd80a3.json]
[2025-07-02 20:19:40,079] INFO] Saved article to queue\f4a3192d-7b11-4d24-9545-f1b9c92f0a58\f4a3192d-7b11-4d24-9545-f1b9c92f0a58.json]
[2025-07-02 20:19:40,268] INFO] Saved article to queue\9e2ec2bb-fb35-4541-837d-8fbf98a87aa8\9e2ec2bb-fb35-4541-837d-8fbf98a87aa8.json]
[2025-07-02 20:19:40,613] INFO] Saved article to queue\2dda38df-0fb5-4b18-810d-935e099e5577\2dda38df-0fb5-4b18-810d-935e099e5577.json]
[2025-07-02 20:19:41,224] INFO] Saved article to queue\f3f875e3-518c-4172-99c9-578fcee9ac20\f3f875e3-518c-4172-99c9-578fcee9ac20.json]
[2025-07-02 20:19:41,339] INFO] Saved article to queue\038fb0c0-398d-4772-bd5b-cc8ee370e99a\038fb0c0-398d-4772-bd5b-cc8ee370e99a.json]
[2025-07-02 20:19:41,353] INFO] Saved article to queue\413afa8e-e0d1-4590-a702-a0050d3f6d6d\413afa8e-e0d1-4590-a702-a0050d3f6d6d.json]
[2025-07-02 20:19:41,368] INFO] Saved article to queue\844eab51-7381-499c-bbd2-0706b64fe3be\844eab51-7381-499c-bbd2-0706b64fe3be.json]
[2025-07-02 20:19:41,769] INFO] Saved article to queue\2f278052-f7b6-4cd7-9e2c-6eaad72035b7\2f278052-f7b6-4cd7-9e2c-6eaad72035b7.json]
[2025-07-02 20:19:42,536] INFO] Saved article to queue\c939b222-486d-4f3b-a0c9-688dfccac9df\c939b222-486d-4f3b-a0c9-688dfccac9df.json]
[2025-07-02 20:19:42,738] INFO] Saved article to queue\41e0d250-122f-4f27-8f61-b68fae43761b\41e0d250-122f-4f27-8f61-b68fae43761b.json]
[2025-07-02 20:19:42,752] INFO] Saved article to queue\54d197ae-cfc0-40ff-9bab-84caa45b3dbb\54d197ae-cfc0-40ff-9bab-84caa45b3dbb.json]
[2025-07-02 20:19:42,947] INFO] Saved article to queue\75065d57-c7ca-4394-854d-2d6dd2a0611f\75065d57-c7ca-4394-854d-2d6dd2a0611f.json]
[2025-07-02 20:19:43,276] INFO] Saved article to queue\cbba1d76-ae52-450c-bf1c-3c3c0b10203e\cbba1d76-ae52-450c-bf1c-3c3c0b10203e.json]
[2025-07-02 20:19:43,562] INFO] Saved article to queue\c529d34a-b6b4-4d75-9f7a-f1c1a4a15912\c529d34a-b6b4-4d75-9f7a-f1c1a4a15912.json]
[2025-07-02 20:19:44,439] INFO] Saved article to queue\876121b5-4142-45d6-93df-07e2cbe7d1c1\876121b5-4142-45d6-93df-07e2cbe7d1c1.json]
[2025-07-02 20:19:45,950] INFO] Saved article to queue\17672eda-0bf9-4cec-9114-bd6ee111e8a6\17672eda-0bf9-4cec-9114-bd6ee111e8a6.json]
[2025-07-02 20:19:46,204] INFO] Saved article to queue\7782ef14-7a0d-4b61-a6d8-fdc1b2608d8f\7782ef14-7a0d-4b61-a6d8-fdc1b2608d8f.json]
[2025-07-02 20:19:47,801] INFO] Saved article to queue\d07b0b0e-f811-4eac-b6ff-d03682a4241c\d07b0b0e-f811-4eac-b6ff-d03682a4241c.json]
[2025-07-02 20:19:49,308] INFO] Saved article to queue\24c06981-1a99-4c35-8b33-e8350da76578\24c06981-1a99-4c35-8b33-e8350da76578.json]
[2025-07-02 20:19:59,077] INFO] Saved article to queue\77b001b9-0df3-4bb8-b7f5-b08246c55b58\77b001b9-0df3-4bb8-b7f5-b08246c55b58.json]
[2025-07-02 20:20:00,334] INFO] Saved article to queue\098178c9-4459-402e-a6f1-ba9e76e1afd2\098178c9-4459-402e-a6f1-ba9e76e1afd2.json]
[2025-07-02 20:20:00,578] INFO] Saved article to queue\120ff121-ffeb-45df-9cb9-e410f04532b7\120ff121-ffeb-45df-9cb9-e410f04532b7.json]
[2025-07-02 20:20:02,047] INFO] Saved article to queue\c0d88dfa-f67c-4ed8-bbee-0dd1cad5006c\c0d88dfa-f67c-4ed8-bbee-0dd1cad5006c.json]
[2025-07-02 20:20:02,307] INFO] Saved article to queue\4209b46f-6a6b-4e2a-9d36-4eb7675f6519\4209b46f-6a6b-4e2a-9d36-4eb7675f6519.json]
[2025-07-02 20:20:02,535] INFO] Saved article to queue\6a9c3b35-6294-4fa6-93dc-5422dc166c75\6a9c3b35-6294-4fa6-93dc-5422dc166c75.json]
[2025-07-02 20:20:03,117] INFO] Saved article to queue\ddf6b07b-78e7-4c95-a296-d0949d7f9d9f\ddf6b07b-78e7-4c95-a296-d0949d7f9d9f.json]
[2025-07-02 20:20:03,129] INFO] Saved article to queue\580fd792-e312-4bd3-93e4-a90a26aa82d1\580fd792-e312-4bd3-93e4-a90a26aa82d1.json]
[2025-07-02 20:20:03,631] INFO] Saved article to queue\9d12d99a-5e8c-41bf-94ad-458a8a65085d\9d12d99a-5e8c-41bf-94ad-458a8a65085d.json]
[2025-07-02 20:20:05,125] INFO] Saved article to queue\0e2b326e-55a4-40e6-bf2c-22517fbc0446\0e2b326e-55a4-40e6-bf2c-22517fbc0446.json]
[2025-07-02 20:20:05,520] INFO] Saved article to queue\44e961ac-6882-4d20-8492-b67fe050a546\44e961ac-6882-4d20-8492-b67fe050a546.json]
[2025-07-02 20:20:05,694] INFO] Saved article to queue\235bece6-144d-43d2-8aec-a40c60e0d201\235bece6-144d-43d2-8aec-a40c60e0d201.json]
[2025-07-02 20:20:05,843] INFO] Saved article to queue\cbca2b16-f227-464e-97bd-1bf46a97d876\cbca2b16-f227-464e-97bd-1bf46a97d876.json]
[2025-07-02 20:20:05,863] INFO] Saved article to queue\32e43ba8-4fc4-4e8f-9c09-7e5fef8f17a6\32e43ba8-4fc4-4e8f-9c09-7e5fef8f17a6.json]
[2025-07-02 20:20:07,019] INFO] Saved article to queue\57ea83f2-e0f7-4fbd-8d57-6c6f3087f2c4\57ea83f2-e0f7-4fbd-8d57-6c6f3087f2c4.json]
[2025-07-02 20:20:08,862] INFO] Saved article to queue\d47da801-e01e-46b1-9ce1-a4eb4123a7c7\d47da801-e01e-46b1-9ce1-a4eb4123a7c7.json]
[2025-07-02 20:20:09,099] INFO] Saved article to queue\b99ce27b-05ba-4655-ba50-52bb1acdb1a0\b99ce27b-05ba-4655-ba50-52bb1acdb1a0.json]
[2025-07-02 20:20:09,309] INFO] Saved article to queue\096a5570-5457-48fc-a7fa-b3a7b09a8cbe\096a5570-5457-48fc-a7fa-b3a7b09a8cbe.json]
[2025-07-02 20:20:09,326] INFO] Saved article to queue\db9339b1-e5f2-485e-943f-80f311bc324c\db9339b1-e5f2-485e-943f-80f311bc324c.json]
[2025-07-02 20:20:09,524] INFO] Saved article to queue\cd9025d3-a57f-4cd8-b02c-78050829567b\cd9025d3-a57f-4cd8-b02c-78050829567b.json]
[2025-07-02 20:20:11,255] INFO] Saved article to queue\a7e91a13-b01c-42d0-b35f-dff406705fa6\a7e91a13-b01c-42d0-b35f-dff406705fa6.json]
[2025-07-02 20:20:11,269] INFO] Saved article to queue\98fe10b8-073e-4298-b7db-a1193f2a16a7\98fe10b8-073e-4298-b7db-a1193f2a16a7.json]
[2025-07-02 20:20:11,416] INFO] Saved article to queue\8dc30919-cc95-4e98-af3c-9a26ac8acece\8dc30919-cc95-4e98-af3c-9a26ac8acece.json]
[2025-07-02 20:20:11,429] INFO] Saved article to queue\cd49c5d0-0ef6-4cdd-9347-375dcdde73c0\cd49c5d0-0ef6-4cdd-9347-375dcdde73c0.json]
[2025-07-02 20:20:11,438] INFO] Saved article to queue\7b895899-81c6-4e18-ac97-8391fb60555a\7b895899-81c6-4e18-ac97-8391fb60555a.json]
[2025-07-02 20:20:12,609] INFO] Saved article to queue\76a2a6ee-b66e-4f71-addd-dc7d1b8cb304\76a2a6ee-b66e-4f71-addd-dc7d1b8cb304.json]
[2025-07-02 20:20:12,756] INFO] Saved article to queue\ffd5791c-f40c-4cde-8dc4-3c61b4f34b48\ffd5791c-f40c-4cde-8dc4-3c61b4f34b48.json]
[2025-07-02 20:20:12,918] INFO] Saved article to queue\39aff10c-418d-4c6b-a3f3-799b0f92fa5d\39aff10c-418d-4c6b-a3f3-799b0f92fa5d.json]
[2025-07-02 20:20:13,079] INFO] Saved article to queue\4f0b4952-8289-4af1-9c92-ccc24006e849\4f0b4952-8289-4af1-9c92-ccc24006e849.json]
[2025-07-02 20:20:14,561] INFO] Saved article to queue\1b21e0b3-78ad-4308-aaf9-38d91fbb7add\1b21e0b3-78ad-4308-aaf9-38d91fbb7add.json]
[2025-07-02 20:20:14,680] INFO] Saved article to queue\ab4c06b1-ec5a-441e-a08c-346af880cd75\ab4c06b1-ec5a-441e-a08c-346af880cd75.json]
[2025-07-02 20:20:14,786] INFO] Saved article to queue\c5afcaf9-01d5-46eb-b69b-de18246ad963\c5afcaf9-01d5-46eb-b69b-de18246ad963.json]
[2025-07-02 20:20:15,113] INFO] Saved article to queue\e026bcc8-565c-418b-b9f9-823b308af6de\e026bcc8-565c-418b-b9f9-823b308af6de.json]
[2025-07-02 20:20:15,352] INFO] Saved article to queue\d44b5528-2a68-4631-a58a-18e307e5518f\d44b5528-2a68-4631-a58a-18e307e5518f.json]
[2025-07-02 20:20:16,335] INFO] Saved article to queue\ed785d7d-58a5-4800-bb86-c072c9887dc1\ed785d7d-58a5-4800-bb86-c072c9887dc1.json]
[2025-07-02 20:20:16,348] INFO] Saved article to queue\08e34f46-e053-4b0d-aad0-dd66b8f4a9b9\08e34f46-e053-4b0d-aad0-dd66b8f4a9b9.json]
[2025-07-02 20:20:16,564] INFO] Saved article to queue\0a3a4c9f-3bd8-4043-bbb5-2ef1bd7e48f0\0a3a4c9f-3bd8-4043-bbb5-2ef1bd7e48f0.json]
[2025-07-02 20:20:19,930] INFO] Saved article to queue\831924fe-221f-47ea-be58-3d22814de1e3\831924fe-221f-47ea-be58-3d22814de1e3.json]
[2025-07-02 20:20:20,283] INFO] Saved article to queue\b3c50992-d64f-4133-a169-4cc700d8a0c3\b3c50992-d64f-4133-a169-4cc700d8a0c3.json]
[2025-07-02 20:20:21,373] INFO] Saved article to queue\dda35330-32a4-45a6-8492-9a0e5d3de870\dda35330-32a4-45a6-8492-9a0e5d3de870.json]
[2025-07-02 20:20:21,542] INFO] Saved article to queue\711b062a-59b1-4b80-90ee-043d73e203d2\711b062a-59b1-4b80-90ee-043d73e203d2.json]
[2025-07-02 20:20:21,863] INFO] Saved article to queue\310c2e59-74ac-4bf2-80e0-2d80da951ee0\310c2e59-74ac-4bf2-80e0-2d80da951ee0.json]
[2025-07-02 20:20:21,988] INFO] Saved article to queue\a02b8e2a-0944-455c-8ee1-ac51de6dad49\a02b8e2a-0944-455c-8ee1-ac51de6dad49.json]
[2025-07-02 20:20:22,539] INFO] Saved article to queue\5013ed5d-ab3c-4fbf-8be5-b39b51cc80f2\5013ed5d-ab3c-4fbf-8be5-b39b51cc80f2.json]
[2025-07-02 20:20:22,748] INFO] Saved article to queue\c32a53d1-31d9-4680-8faa-937d9f2f0de4\c32a53d1-31d9-4680-8faa-937d9f2f0de4.json]
[2025-07-02 20:20:22,964] INFO] Saved article to queue\78880362-1997-4d73-8bc7-fd91869c13d2\78880362-1997-4d73-8bc7-fd91869c13d2.json]
[2025-07-02 20:20:24,577] INFO] Saved article to queue\17949cc9-5280-44cb-b9f9-94c2d372e1af\17949cc9-5280-44cb-b9f9-94c2d372e1af.json]
[2025-07-02 20:20:24,988] INFO] Saved article to queue\ebdd3043-3245-442c-8098-bf9cfd13f91b\ebdd3043-3245-442c-8098-bf9cfd13f91b.json]
[2025-07-02 20:20:25,241] INFO] Saved article to queue\47f8c4a8-dd58-41eb-86a5-2b26fe6ec6ca\47f8c4a8-dd58-41eb-86a5-2b26fe6ec6ca.json]
[2025-07-02 20:20:25,856] INFO] Saved article to queue\aa759c63-b582-4b56-af1d-eb6b04ca25fd\aa759c63-b582-4b56-af1d-eb6b04ca25fd.json]
[2025-07-02 20:20:26,147] INFO] Saved article to queue\98cc9647-9d1b-492d-a56f-3d41fe99b6bd\98cc9647-9d1b-492d-a56f-3d41fe99b6bd.json]
[2025-07-02 20:20:26,451] INFO] Saved article to queue\4f13cd2d-505e-48a7-8d3e-a6f03446989c\4f13cd2d-505e-48a7-8d3e-a6f03446989c.json]
[2025-07-02 20:20:26,726] INFO] Saved article to queue\1f201739-652b-4807-9238-acbb09c4cfe3\1f201739-652b-4807-9238-acbb09c4cfe3.json]
[2025-07-02 20:20:27,036] INFO] Saved article to queue\1aefa043-9573-49e2-8cb1-9184f9fe4d27\1aefa043-9573-49e2-8cb1-9184f9fe4d27.json]
[2025-07-02 20:20:27,310] INFO] Saved article to queue\d8c05ad1-e3d7-46b8-ac00-da08fa341db5\d8c05ad1-e3d7-46b8-ac00-da08fa341db5.json]
[2025-07-02 20:20:29,446] INFO] Saved article to queue\c8e604d1-27ef-4917-8bbf-99fc20873033\c8e604d1-27ef-4917-8bbf-99fc20873033.json]
[2025-07-02 20:20:30,111] INFO] Saved article to queue\c8300d5d-1330-4fb5-b0aa-1e52d74b6d65\c8300d5d-1330-4fb5-b0aa-1e52d74b6d65.json]
[2025-07-02 20:20:30,303] INFO] Saved article to queue\cd208069-f828-4f6e-899c-a24d7e99636f\cd208069-f828-4f6e-899c-a24d7e99636f.json]
[2025-07-02 20:20:30,370] INFO] Saved article to queue\6c5c482f-1668-40ea-8de0-81528c1ff7d5\6c5c482f-1668-40ea-8de0-81528c1ff7d5.json]
[2025-07-02 20:20:30,939] INFO] Saved article to queue\01636bc7-64c3-4f90-a99c-a1d4f166d71c\01636bc7-64c3-4f90-a99c-a1d4f166d71c.json]
[2025-07-02 20:20:31,432] INFO] Saved article to queue\9e1ea8d5-2418-491a-bf22-4c1dfd66e36d\9e1ea8d5-2418-491a-bf22-4c1dfd66e36d.json]
[2025-07-02 20:20:32,744] INFO] Saved article to queue\0a8c4008-700f-4b9b-b58c-13c40f2e70b0\0a8c4008-700f-4b9b-b58c-13c40f2e70b0.json]
[2025-07-02 20:20:33,030] INFO] Saved article to queue\84cefeb2-d36a-40d8-a593-4b75f453c102\84cefeb2-d36a-40d8-a593-4b75f453c102.json]
[2025-07-02 20:20:33,199] INFO] Saved article to queue\0c7c4897-eeaf-4317-94df-17c75b53f404\0c7c4897-eeaf-4317-94df-17c75b53f404.json]
[2025-07-02 20:20:33,381] INFO] Saved article to queue\acc013ec-a2ab-4bc0-bb39-1a5294a34d7f\acc013ec-a2ab-4bc0-bb39-1a5294a34d7f.json]
[2025-07-02 20:20:33,521] INFO] Saved article to queue\67d320e5-c7ad-425e-bb2c-ff17e00837a1\67d320e5-c7ad-425e-bb2c-ff17e00837a1.json]
[2025-07-02 20:20:33,639] INFO] Saved article to queue\4d162210-f5e5-4467-9652-45fa5801db94\4d162210-f5e5-4467-9652-45fa5801db94.json]
[2025-07-02 20:20:33,740] INFO] Saved article to queue\b9d6f63d-f87a-4ac8-91b3-36c66d2aeec6\b9d6f63d-f87a-4ac8-91b3-36c66d2aeec6.json]
[2025-07-02 20:20:33,884] INFO] Saved article to queue\ecc4a22d-81e3-48a0-b55c-0c6ea290927d\ecc4a22d-81e3-48a0-b55c-0c6ea290927d.json]
[2025-07-02 20:20:36,105] INFO] Saved article to queue\802fda18-4fdb-4fae-9202-c78648fe8c91\802fda18-4fdb-4fae-9202-c78648fe8c91.json]
[2025-07-02 20:20:36,553] INFO] Saved article to queue\9a45a4cc-6c3c-4445-a835-5b002744f750\9a45a4cc-6c3c-4445-a835-5b002744f750.json]
[2025-07-02 20:20:36,809] INFO] Saved article to queue\35945b21-fdfb-4abf-a6f8-730c2384e215\35945b21-fdfb-4abf-a6f8-730c2384e215.json]
[2025-07-02 20:20:36,919] INFO] Saved article to queue\fed13289-901a-4fab-8f7b-46e47c3fe4c1\fed13289-901a-4fab-8f7b-46e47c3fe4c1.json]
[2025-07-02 20:20:37,022] INFO] Saved article to queue\8c5c1c92-9b5e-4120-960e-3fde4bec0fc3\8c5c1c92-9b5e-4120-960e-3fde4bec0fc3.json]
[2025-07-02 20:20:37,118] INFO] Saved article to queue\bc05b80f-bcc8-4717-a64f-a2384b47f0bc\bc05b80f-bcc8-4717-a64f-a2384b47f0bc.json]
[2025-07-02 20:20:37,219] INFO] Saved article to queue\a3be9bdd-f79f-4e63-afb6-69d57c4bc7cc\a3be9bdd-f79f-4e63-afb6-69d57c4bc7cc.json]
[2025-07-02 20:20:38,134] INFO] Saved article to queue\32957d2d-2d74-41d0-b47c-cbbc1eb1e9b2\32957d2d-2d74-41d0-b47c-cbbc1eb1e9b2.json]
[2025-07-02 21:02:50,169] INFO] Starting fetch for query: 'bitcoin']
[2025-07-02 21:02:50,585] INFO] Fetching page 1 -> 200 -> https://newsapi.org/v2/everything?q=bitcoin&pageSize=10&page=1&apiKey=c817dfe2893147c1ae5d0dae5e5458da]
[2025-07-02 21:02:50,586] INFO] Page 1: Retrieved 10 articles.]
[2025-07-02 21:02:51,612] INFO] Fetching page 2 -> 200 -> https://newsapi.org/v2/everything?q=bitcoin&pageSize=10&page=2&apiKey=c817dfe2893147c1ae5d0dae5e5458da]
[2025-07-02 21:02:51,612] INFO] Page 2: Retrieved 10 articles.]
[2025-07-02 21:02:51,612] INFO] Total fetched: 20]
[2025-07-02 21:02:51,770] INFO] Saved article to queue\ecec140a-14d9-40b3-b914-c37289858e29\ecec140a-14d9-40b3-b914-c37289858e29.json]
[2025-07-02 21:02:52,281] INFO] Saved article to queue\4fbf25ae-ac0c-4776-b615-265dd2989bca\4fbf25ae-ac0c-4776-b615-265dd2989bca.json]
[2025-07-02 21:02:52,498] INFO] Saved article to queue\2c17067a-aa49-4455-ba7b-0de878f95dc7\2c17067a-aa49-4455-ba7b-0de878f95dc7.json]
[2025-07-02 21:02:52,825] INFO] Saved article to queue\70f997a9-a9e2-447c-a784-a403d1e96b01\70f997a9-a9e2-447c-a784-a403d1e96b01.json]
[2025-07-02 21:02:54,434] INFO] Saved article to queue\de8ad148-c5ea-438d-9915-a7b1c6db3015\de8ad148-c5ea-438d-9915-a7b1c6db3015.json]
[2025-07-02 21:02:54,719] INFO] Saved article to queue\727bafe0-2aa0-461e-a31e-e613cb458a57\727bafe0-2aa0-461e-a31e-e613cb458a57.json]
[2025-07-02 21:02:54,972] INFO] Saved article to queue\ee42cc22-430d-44f5-a2f4-0c2bd3149e26\ee42cc22-430d-44f5-a2f4-0c2bd3149e26.json]
[2025-07-02 21:02:55,344] INFO] Saved article to queue\aa344b72-2282-41b6-ac0b-98101ed021a8\aa344b72-2282-41b6-ac0b-98101ed021a8.json]
[2025-07-02 21:02:55,684] INFO] Saved article to queue\2d530307-ce1f-4229-8037-f2e610bae4ee\2d530307-ce1f-4229-8037-f2e610bae4ee.json]
[2025-07-02 21:02:55,724] INFO] Saved article to queue\05874f50-a113-4fc2-9347-d59c0de6e939\05874f50-a113-4fc2-9347-d59c0de6e939.json]
[2025-07-02 21:02:55,730] INFO] Saved article to queue\7456185f-bf29-4f5d-9570-89c01056f43d\7456185f-bf29-4f5d-9570-89c01056f43d.json]
[2025-07-02 21:02:55,736] INFO] Saved article to queue\db301d15-d2cd-4df4-86d8-a0c9205772ac\db301d15-d2cd-4df4-86d8-a0c9205772ac.json]
[2025-07-02 21:02:56,042] INFO] Saved article to queue\03055319-b2fb-4b15-9fd0-e6a13b00569e\03055319-b2fb-4b15-9fd0-e6a13b00569e.json]
[2025-07-02 21:02:57,781] INFO] Saved article to queue\4b86f21f-0ab6-482b-82c1-37bc629ed1ae\4b86f21f-0ab6-482b-82c1-37bc629ed1ae.json]
[2025-07-02 21:02:58,086] INFO] Saved article to queue\eb9f960b-e1ac-45ed-8c3d-b5836c84b967\eb9f960b-e1ac-45ed-8c3d-b5836c84b967.json]
[2025-07-02 21:02:58,095] INFO] Saved article to queue\197b237d-5e8d-49fe-a395-9d9a773279e3\197b237d-5e8d-49fe-a395-9d9a773279e3.json]
[2025-07-02 21:02:58,270] INFO] Saved article to queue\a0db2a5f-1f6a-4592-a107-01ef9416e369\a0db2a5f-1f6a-4592-a107-01ef9416e369.json]
[2025-07-02 21:02:58,592] INFO] Saved article to queue\b03049ad-73b9-47b9-a87f-071107248f39\b03049ad-73b9-47b9-a87f-071107248f39.json]
[2025-07-02 21:02:58,803] INFO] Saved article to queue\64a04f7e-e1c4-4b6c-ac96-a897ddf6105c\64a04f7e-e1c4-4b6c-ac96-a897ddf6105c.json]
[2025-07-02 21:02:59,703] INFO] Saved article to queue\6bf99c33-9c62-4739-802f-25c79935a0a3\6bf99c33-9c62-4739-802f-25c79935a0a3.json]
