2025-05-09 10:44:51,197 [INFO] [app.py:105 change_password()] Comparing emails: input='naresh@gmail.com' stored='zp@511786#'
2025-05-09 10:44:51,197 [INFO] [app.py:105 change_password()] Comparing emails: input='naresh@gmail.com' stored='zp@511786#'
2025-05-09 10:44:51,197 [INFO] [app.py:105 change_password()] Comparing emails: input='naresh@gmail.com' stored='zp@511786#'
2025-05-09 10:44:51,197 [INFO] [app.py:105 change_password()] Comparing emails: input='naresh@gmail.com' stored='zp@511786#'
2025-05-09 10:44:51,197 [INFO] [app.py:105 change_password()] Comparing emails: input='naresh@gmail.com' stored='zp@511'
2025-05-09 10:44:51,197 [INFO] [app.py:105 change_password()] Comparing emails: input='naresh@gmail.com' stored='ap@511'
2025-05-09 10:44:51,197 [INFO] [app.py:116 change_password()] No user found with email: naresh@gmail.com
2025-05-09 10:44:51,198 [INFO] [_internal.py:187 _log()] 127.0.0.1 - - [09/May/2025 10:44:51] "[33mPOST /user/change_password HTTP/1.1[0m" 404 -
2025-05-09 10:46:50,074 [INFO] [_internal.py:187 _log()]  * Detected change in 'C:\\AP\\py_user_management\\app.py', reloading
2025-05-09 10:46:50,461 [INFO] [_internal.py:187 _log()]  * Restarting with stat
2025-05-09 10:46:51,179 [WARNING] [_internal.py:187 _log()]  * Debugger is active!
2025-05-09 10:46:51,190 [INFO] [_internal.py:187 _log()]  * Debugger PIN: 995-688-366
2025-05-09 10:47:28,401 [INFO] [app.py:105 change_password()] Comparing emails: input='naresh@gmail.com' stored='ameet@gmail.com'
2025-05-09 10:47:28,401 [INFO] [app.py:105 change_password()] Comparing emails: input='naresh@gmail.com' stored='manish@gmail.com'
2025-05-09 10:47:28,402 [INFO] [app.py:105 change_password()] Comparing emails: input='naresh@gmail.com' stored='manish@gmail.com'
2025-05-09 10:47:28,402 [INFO] [app.py:105 change_password()] Comparing emails: input='naresh@gmail.com' stored='ameetparse@gmail.com'
2025-05-09 10:47:28,402 [INFO] [app.py:105 change_password()] Comparing emails: input='naresh@gmail.com' stored='surendra@gmail.com'
2025-05-09 10:47:28,402 [INFO] [app.py:105 change_password()] Comparing emails: input='naresh@gmail.com' stored='naresh@gmail.com'
2025-05-09 10:47:28,402 [INFO] [app.py:108 change_password()] Email match found
2025-05-09 10:47:28,404 [INFO] [_internal.py:187 _log()] 127.0.0.1 - - [09/May/2025 10:47:28] "POST /user/change_password HTTP/1.1" 200 -
2025-05-09 10:47:42,827 [INFO] [app.py:105 change_password()] Comparing emails: input='naresh@gmail.com' stored='ameet@gmail.com'
2025-05-09 10:47:42,827 [INFO] [app.py:105 change_password()] Comparing emails: input='naresh@gmail.com' stored='manish@gmail.com'
2025-05-09 10:47:42,827 [INFO] [app.py:105 change_password()] Comparing emails: input='naresh@gmail.com' stored='manish@gmail.com'
2025-05-09 10:47:42,827 [INFO] [app.py:105 change_password()] Comparing emails: input='naresh@gmail.com' stored='ameetparse@gmail.com'
2025-05-09 10:47:42,827 [INFO] [app.py:105 change_password()] Comparing emails: input='naresh@gmail.com' stored='surendra@gmail.com'
2025-05-09 10:47:42,827 [INFO] [app.py:105 change_password()] Comparing emails: input='naresh@gmail.com' stored='naresh@gmail.com'
2025-05-09 10:47:42,827 [INFO] [app.py:108 change_password()] Email match found
2025-05-09 10:47:42,828 [INFO] [_internal.py:187 _log()] 127.0.0.1 - - [09/May/2025 10:47:42] "[31m[1mPOST /user/change_password HTTP/1.1[0m" 400 -
