2025-08-23 19:37:02,624 [DEBUG] passlib.registry: registered 'bcrypt' handler: <class 'passlib.handlers.bcrypt.bcrypt'>
2025-08-23 19:37:02,643 [ERROR] fastapi: Form data requires "python-multipart" to be installed. 
You can install "python-multipart" with: 

pip install python-multipart

2025-08-23 19:37:54,186 [DEBUG] passlib.registry: registered 'bcrypt' handler: <class 'passlib.handlers.bcrypt.bcrypt'>
2025-08-23 19:39:30,896 [DEBUG] passlib.registry: registered 'bcrypt' handler: <class 'passlib.handlers.bcrypt.bcrypt'>
2025-08-23 19:39:39,224 [DEBUG] passlib.registry: registered 'bcrypt' handler: <class 'passlib.handlers.bcrypt.bcrypt'>
2025-08-23 19:39:49,643 [DEBUG] passlib.registry: registered 'bcrypt' handler: <class 'passlib.handlers.bcrypt.bcrypt'>
2025-08-23 19:39:54,797 [DEBUG] passlib.registry: registered 'bcrypt' handler: <class 'passlib.handlers.bcrypt.bcrypt'>
2025-08-23 19:40:55,200 [DEBUG] passlib.registry: registered 'bcrypt' handler: <class 'passlib.handlers.bcrypt.bcrypt'>
2025-08-23 19:46:30,835 [DEBUG] passlib.registry: registered 'bcrypt' handler: <class 'passlib.handlers.bcrypt.bcrypt'>
2025-08-23 19:46:56,976 [DEBUG] pymongo.topology: {"message": "Starting topology monitoring", "topologyId": {"$oid": "68a9cd3e2deb1aaa05bc59e0"}}
2025-08-23 19:46:56,977 [DEBUG] pymongo.topology: {"message": "Topology description changed", "topologyId": {"$oid": "68a9cd3e2deb1aaa05bc59e0"}, "previousDescription": "<TopologyDescription id: 68a9cd3e2deb1aaa05bc59e0, topology_type: Unknown, servers: []>", "newDescription": "<TopologyDescription id: 68a9cd3e2deb1aaa05bc59e0, topology_type: ReplicaSetNoPrimary, servers: [<ServerDescription ('ac-l5lkq9k-shard-00-00.od8xhv2.mongodb.net', 27017) server_type: Unknown, rtt: None>, <ServerDescription ('ac-l5lkq9k-shard-00-01.od8xhv2.mongodb.net', 27017) server_type: Unknown, rtt: None>, <ServerDescription ('ac-l5lkq9k-shard-00-02.od8xhv2.mongodb.net', 27017) server_type: Unknown, rtt: None>]>"}
2025-08-23 19:46:56,977 [DEBUG] pymongo.topology: {"message": "Starting server monitoring", "topologyId": {"$oid": "68a9cd3e2deb1aaa05bc59e0"}, "serverHost": "ac-l5lkq9k-shard-00-00.od8xhv2.mongodb.net", "serverPort": 27017}
2025-08-23 19:46:56,978 [DEBUG] pymongo.topology: {"message": "Starting server monitoring", "topologyId": {"$oid": "68a9cd3e2deb1aaa05bc59e0"}, "serverHost": "ac-l5lkq9k-shard-00-01.od8xhv2.mongodb.net", "serverPort": 27017}
2025-08-23 19:46:56,978 [DEBUG] pymongo.topology: {"message": "Starting server monitoring", "topologyId": {"$oid": "68a9cd3e2deb1aaa05bc59e0"}, "serverHost": "ac-l5lkq9k-shard-00-02.od8xhv2.mongodb.net", "serverPort": 27017}
2025-08-23 19:46:56,979 [DEBUG] pymongo.connection: {"message": "Connection pool created", "clientId": {"$oid": "68a9cd3e2deb1aaa05bc59e0"}, "serverHost": "ac-l5lkq9k-shard-00-00.od8xhv2.mongodb.net", "serverPort": 27017}
2025-08-23 19:46:56,984 [DEBUG] pymongo.connection: {"message": "Connection pool created", "clientId": {"$oid": "68a9cd3e2deb1aaa05bc59e0"}, "serverHost": "ac-l5lkq9k-shard-00-01.od8xhv2.mongodb.net", "serverPort": 27017}
2025-08-23 19:46:56,985 [DEBUG] pymongo.connection: {"message": "Connection pool created", "clientId": {"$oid": "68a9cd3e2deb1aaa05bc59e0"}, "serverHost": "ac-l5lkq9k-shard-00-02.od8xhv2.mongodb.net", "serverPort": 27017}
2025-08-23 19:46:56,986 [DEBUG] pymongo.serverSelection: {"message": "Server selection started", "selector": "Primary()", "operation": "find", "topologyDescription": "<TopologyDescription id: 68a9cd3e2deb1aaa05bc59e0, topology_type: ReplicaSetNoPrimary, servers: [<ServerDescription ('ac-l5lkq9k-shard-00-00.od8xhv2.mongodb.net', 27017) server_type: Unknown, rtt: None>, <ServerDescription ('ac-l5lkq9k-shard-00-01.od8xhv2.mongodb.net', 27017) server_type: Unknown, rtt: None>, <ServerDescription ('ac-l5lkq9k-shard-00-02.od8xhv2.mongodb.net', 27017) server_type: Unknown, rtt: None>]>", "clientId": {"$oid": "68a9cd3e2deb1aaa05bc59e0"}}
2025-08-23 19:46:56,986 [DEBUG] pymongo.serverSelection: {"message": "Waiting for suitable server to become available", "selector": "Primary()", "operation": "find", "topologyDescription": "<TopologyDescription id: 68a9cd3e2deb1aaa05bc59e0, topology_type: ReplicaSetNoPrimary, servers: [<ServerDescription ('ac-l5lkq9k-shard-00-00.od8xhv2.mongodb.net', 27017) server_type: Unknown, rtt: None>, <ServerDescription ('ac-l5lkq9k-shard-00-01.od8xhv2.mongodb.net', 27017) server_type: Unknown, rtt: None>, <ServerDescription ('ac-l5lkq9k-shard-00-02.od8xhv2.mongodb.net', 27017) server_type: Unknown, rtt: None>]>", "clientId": {"$oid": "68a9cd3e2deb1aaa05bc59e0"}, "remainingTimeMS": 30000}
2025-08-23 19:46:57,123 [DEBUG] pymongo.topology: {"message": "Server heartbeat started", "topologyId": {"$oid": "68a9cd3e2deb1aaa05bc59e0"}, "driverConnectionId": 1, "serverHost": "ac-l5lkq9k-shard-00-00.od8xhv2.mongodb.net", "serverPort": 27017, "awaited": false}
2025-08-23 19:46:57,123 [DEBUG] pymongo.topology: {"message": "Server heartbeat started", "topologyId": {"$oid": "68a9cd3e2deb1aaa05bc59e0"}, "driverConnectionId": 1, "serverHost": "ac-l5lkq9k-shard-00-01.od8xhv2.mongodb.net", "serverPort": 27017, "awaited": false}
2025-08-23 19:46:57,134 [DEBUG] pymongo.topology: {"message": "Server heartbeat started", "topologyId": {"$oid": "68a9cd3e2deb1aaa05bc59e0"}, "driverConnectionId": 1, "serverHost": "ac-l5lkq9k-shard-00-02.od8xhv2.mongodb.net", "serverPort": 27017, "awaited": false}
2025-08-23 19:46:57,162 [DEBUG] pymongo.topology: {"message": "Server heartbeat succeeded", "topologyId": {"$oid": "68a9cd3e2deb1aaa05bc59e0"}, "driverConnectionId": 1, "serverConnectionId": 343868, "serverHost": "ac-l5lkq9k-shard-00-01.od8xhv2.mongodb.net", "serverPort": 27017, "awaited": false, "durationMS": 30.999999999039574, "reply": "{\"helloOk\": true, \"topologyVersion\": {\"processId\": {\"$oid\": \"68a22ea4934aa6f0f811500d\"}, \"counter\": 3}, \"hosts\": [\"ac-l5lkq9k-shard-00-00.od8xhv2.mongodb.net:27017\", \"ac-l5lkq9k-shard-00-01.od8xhv2.mongodb.net:27017\", \"ac-l5lkq9k-shard-00-02.od8xhv2.mongodb.net:27017\"], \"setName\": \"atlas-10mx9m-shard-0\", \"setVersion\": 271, \"secondary\": true, \"primary\": \"ac-l5lkq9k-shard-00-02.od8xhv2.mongodb.net:27017\", \"tags\": {\"availabilityZone\": \"aps1-az3\", \"nodeType\": \"ELECTABLE\", \"region\": \"AP_SOUTH_1\", \"workloadType\": \"OPERATIONAL\", \"diskState\": \"READY\", \"provider\": \"AWS\"}, \"me\": \"ac-l5lkq9k-shard-00-01.od8xhv2.mongodb.net:27017\", \"lastWrite\": {\"opTime\": {\"ts\": {\"$timestamp\": {\"t\": 1755958617, \"i\": 2999}}, \"t\": 232}, \"lastWriteDate\": {\"$date\": \"2025-08-23T14:16:57Z\"}, \"majorityOpTime\": {\"ts\": {\"$timestamp\": {\"t\": 1755958617, \"i\": 2999}}, \"t\": 232}, \"majorityWriteDate\": {\"$date\": \"2025-08-23T14:16:57Z\"}}, \"maxBsonObjectSize\": 16777216, \"maxMessageSizeBytes\": 48000000, \"maxWriteBatchSize\": 100000, ..."}
2025-08-23 19:46:57,166 [DEBUG] pymongo.topology: {"message": "Server heartbeat succeeded", "topologyId": {"$oid": "68a9cd3e2deb1aaa05bc59e0"}, "driverConnectionId": 1, "serverConnectionId": 362514, "serverHost": "ac-l5lkq9k-shard-00-02.od8xhv2.mongodb.net", "serverPort": 27017, "awaited": false, "durationMS": 30.999999999039574, "reply": "{\"helloOk\": true, \"topologyVersion\": {\"processId\": {\"$oid\": \"68a22c2718bb3647082f5ed5\"}, \"counter\": 6}, \"hosts\": [\"ac-l5lkq9k-shard-00-00.od8xhv2.mongodb.net:27017\", \"ac-l5lkq9k-shard-00-01.od8xhv2.mongodb.net:27017\", \"ac-l5lkq9k-shard-00-02.od8xhv2.mongodb.net:27017\"], \"setName\": \"atlas-10mx9m-shard-0\", \"setVersion\": 271, \"ismaster\": true, \"primary\": \"ac-l5lkq9k-shard-00-02.od8xhv2.mongodb.net:27017\", \"tags\": {\"availabilityZone\": \"aps1-az2\", \"provider\": \"AWS\", \"nodeType\": \"ELECTABLE\", \"region\": \"AP_SOUTH_1\", \"diskState\": \"READY\", \"workloadType\": \"OPERATIONAL\"}, \"me\": \"ac-l5lkq9k-shard-00-02.od8xhv2.mongodb.net:27017\", \"electionId\": {\"$oid\": \"7fffffff00000000000000e8\"}, \"lastWrite\": {\"opTime\": {\"ts\": {\"$timestamp\": {\"t\": 1755958617, \"i\": 2999}}, \"t\": 232}, \"lastWriteDate\": {\"$date\": \"2025-08-23T14:16:57Z\"}, \"majorityOpTime\": {\"ts\": {\"$timestamp\": {\"t\": 1755958617, \"i\": 2999}}, \"t\": 232}, \"majorityWriteDate\": {\"$date\": \"2025-08-23T14:16:57Z\"}}, \"maxBsonObjectSize\": 16777216, \"maxMessage..."}
2025-08-23 19:46:57,168 [DEBUG] pymongo.connection: {"message": "Connection pool ready", "clientId": {"$oid": "68a9cd3e2deb1aaa05bc59e0"}, "serverHost": "ac-l5lkq9k-shard-00-01.od8xhv2.mongodb.net", "serverPort": 27017}
2025-08-23 19:46:57,168 [DEBUG] pymongo.topology: {"message": "Topology description changed", "topologyId": {"$oid": "68a9cd3e2deb1aaa05bc59e0"}, "previousDescription": "<TopologyDescription id: 68a9cd3e2deb1aaa05bc59e0, topology_type: ReplicaSetNoPrimary, servers: [<ServerDescription ('ac-l5lkq9k-shard-00-00.od8xhv2.mongodb.net', 27017) server_type: Unknown, rtt: None>, <ServerDescription ('ac-l5lkq9k-shard-00-01.od8xhv2.mongodb.net', 27017) server_type: Unknown, rtt: None>, <ServerDescription ('ac-l5lkq9k-shard-00-02.od8xhv2.mongodb.net', 27017) server_type: Unknown, rtt: None>]>", "newDescription": "<TopologyDescription id: 68a9cd3e2deb1aaa05bc59e0, topology_type: ReplicaSetNoPrimary, servers: [<ServerDescription ('ac-l5lkq9k-shard-00-00.od8xhv2.mongodb.net', 27017) server_type: Unknown, rtt: None>, <ServerDescription ('ac-l5lkq9k-shard-00-01.od8xhv2.mongodb.net', 27017) server_type: RSSecondary, rtt: 0.030999999999039574>, <ServerDescription ('ac-l5lkq9k-shard-00-02.od8xhv2.mongodb.net', 27017) server_type: Unknown, rtt: None>]>"}
2025-08-23 19:46:57,169 [DEBUG] pymongo.connection: {"message": "Connection pool ready", "clientId": {"$oid": "68a9cd3e2deb1aaa05bc59e0"}, "serverHost": "ac-l5lkq9k-shard-00-02.od8xhv2.mongodb.net", "serverPort": 27017}
2025-08-23 19:46:57,171 [DEBUG] pymongo.topology: {"message": "Server heartbeat started", "topologyId": {"$oid": "68a9cd3e2deb1aaa05bc59e0"}, "driverConnectionId": 1, "serverConnectionId": 343868, "serverHost": "ac-l5lkq9k-shard-00-01.od8xhv2.mongodb.net", "serverPort": 27017, "awaited": true}
2025-08-23 19:46:57,171 [DEBUG] pymongo.topology: {"message": "Topology description changed", "topologyId": {"$oid": "68a9cd3e2deb1aaa05bc59e0"}, "previousDescription": "<TopologyDescription id: 68a9cd3e2deb1aaa05bc59e0, topology_type: ReplicaSetNoPrimary, servers: [<ServerDescription ('ac-l5lkq9k-shard-00-00.od8xhv2.mongodb.net', 27017) server_type: Unknown, rtt: None>, <ServerDescription ('ac-l5lkq9k-shard-00-01.od8xhv2.mongodb.net', 27017) server_type: RSSecondary, rtt: 0.030999999999039574>, <ServerDescription ('ac-l5lkq9k-shard-00-02.od8xhv2.mongodb.net', 27017) server_type: Unknown, rtt: None>]>", "newDescription": "<TopologyDescription id: 68a9cd3e2deb1aaa05bc59e0, topology_type: ReplicaSetWithPrimary, servers: [<ServerDescription ('ac-l5lkq9k-shard-00-00.od8xhv2.mongodb.net', 27017) server_type: Unknown, rtt: None>, <ServerDescription ('ac-l5lkq9k-shard-00-01.od8xhv2.mongodb.net', 27017) server_type: RSSecondary, rtt: 0.030999999999039574>, <ServerDescription ('ac-l5lkq9k-shard-00-02.od8xhv2.mongodb.net', 27017) server_type: RSPrimary, rtt: 0.030999999999039574>]>"}
2025-08-23 19:46:57,172 [DEBUG] pymongo.serverSelection: {"message": "Server selection succeeded", "selector": "Primary()", "operation": "find", "topologyDescription": "<TopologyDescription id: 68a9cd3e2deb1aaa05bc59e0, topology_type: ReplicaSetWithPrimary, servers: [<ServerDescription ('ac-l5lkq9k-shard-00-00.od8xhv2.mongodb.net', 27017) server_type: Unknown, rtt: None>, <ServerDescription ('ac-l5lkq9k-shard-00-01.od8xhv2.mongodb.net', 27017) server_type: RSSecondary, rtt: 0.030999999999039574>, <ServerDescription ('ac-l5lkq9k-shard-00-02.od8xhv2.mongodb.net', 27017) server_type: RSPrimary, rtt: 0.030999999999039574>]>", "clientId": {"$oid": "68a9cd3e2deb1aaa05bc59e0"}, "serverHost": "ac-l5lkq9k-shard-00-02.od8xhv2.mongodb.net", "serverPort": 27017}
2025-08-23 19:46:57,173 [DEBUG] pymongo.connection: {"message": "Connection checkout started", "clientId": {"$oid": "68a9cd3e2deb1aaa05bc59e0"}, "serverHost": "ac-l5lkq9k-shard-00-02.od8xhv2.mongodb.net", "serverPort": 27017}
2025-08-23 19:46:57,173 [DEBUG] pymongo.topology: {"message": "Server heartbeat started", "topologyId": {"$oid": "68a9cd3e2deb1aaa05bc59e0"}, "driverConnectionId": 1, "serverConnectionId": 362514, "serverHost": "ac-l5lkq9k-shard-00-02.od8xhv2.mongodb.net", "serverPort": 27017, "awaited": true}
2025-08-23 19:46:57,174 [DEBUG] pymongo.connection: {"message": "Connection created", "clientId": {"$oid": "68a9cd3e2deb1aaa05bc59e0"}, "serverHost": "ac-l5lkq9k-shard-00-02.od8xhv2.mongodb.net", "serverPort": 27017, "driverConnectionId": 1}
2025-08-23 19:46:57,210 [DEBUG] pymongo.topology: {"message": "Server heartbeat succeeded", "topologyId": {"$oid": "68a9cd3e2deb1aaa05bc59e0"}, "driverConnectionId": 1, "serverConnectionId": 348718, "serverHost": "ac-l5lkq9k-shard-00-00.od8xhv2.mongodb.net", "serverPort": 27017, "awaited": false, "durationMS": 78.00000000133878, "reply": "{\"helloOk\": true, \"topologyVersion\": {\"processId\": {\"$oid\": \"68a22964bcb0a2760cc1b37c\"}, \"counter\": 4}, \"hosts\": [\"ac-l5lkq9k-shard-00-00.od8xhv2.mongodb.net:27017\", \"ac-l5lkq9k-shard-00-01.od8xhv2.mongodb.net:27017\", \"ac-l5lkq9k-shard-00-02.od8xhv2.mongodb.net:27017\"], \"setName\": \"atlas-10mx9m-shard-0\", \"setVersion\": 271, \"secondary\": true, \"primary\": \"ac-l5lkq9k-shard-00-02.od8xhv2.mongodb.net:27017\", \"tags\": {\"availabilityZone\": \"aps1-az1\", \"diskState\": \"READY\", \"region\": \"AP_SOUTH_1\", \"provider\": \"AWS\", \"nodeType\": \"ELECTABLE\", \"workloadType\": \"OPERATIONAL\"}, \"me\": \"ac-l5lkq9k-shard-00-00.od8xhv2.mongodb.net:27017\", \"lastWrite\": {\"opTime\": {\"ts\": {\"$timestamp\": {\"t\": 1755958617, \"i\": 2999}}, \"t\": 232}, \"lastWriteDate\": {\"$date\": \"2025-08-23T14:16:57Z\"}, \"majorityOpTime\": {\"ts\": {\"$timestamp\": {\"t\": 1755958617, \"i\": 2998}}, \"t\": 232}, \"majorityWriteDate\": {\"$date\": \"2025-08-23T14:16:57Z\"}}, \"maxBsonObjectSize\": 16777216, \"maxMessageSizeBytes\": 48000000, \"maxWriteBatchSize\": 100000, ..."}
2025-08-23 19:46:57,211 [DEBUG] pymongo.connection: {"message": "Connection pool ready", "clientId": {"$oid": "68a9cd3e2deb1aaa05bc59e0"}, "serverHost": "ac-l5lkq9k-shard-00-00.od8xhv2.mongodb.net", "serverPort": 27017}
2025-08-23 19:46:57,213 [DEBUG] pymongo.topology: {"message": "Topology description changed", "topologyId": {"$oid": "68a9cd3e2deb1aaa05bc59e0"}, "previousDescription": "<TopologyDescription id: 68a9cd3e2deb1aaa05bc59e0, topology_type: ReplicaSetWithPrimary, servers: [<ServerDescription ('ac-l5lkq9k-shard-00-00.od8xhv2.mongodb.net', 27017) server_type: Unknown, rtt: None>, <ServerDescription ('ac-l5lkq9k-shard-00-01.od8xhv2.mongodb.net', 27017) server_type: RSSecondary, rtt: 0.030999999999039574>, <ServerDescription ('ac-l5lkq9k-shard-00-02.od8xhv2.mongodb.net', 27017) server_type: RSPrimary, rtt: 0.030999999999039574>]>", "newDescription": "<TopologyDescription id: 68a9cd3e2deb1aaa05bc59e0, topology_type: ReplicaSetWithPrimary, servers: [<ServerDescription ('ac-l5lkq9k-shard-00-00.od8xhv2.mongodb.net', 27017) server_type: RSSecondary, rtt: 0.07800000000133878>, <ServerDescription ('ac-l5lkq9k-shard-00-01.od8xhv2.mongodb.net', 27017) server_type: RSSecondary, rtt: 0.030999999999039574>, <ServerDescription ('ac-l5lkq9k-shard-00-02.od8xhv2.mongodb.net', 27017) server_type: RSPrimary, rtt: 0.030999999999039574>]>"}
2025-08-23 19:46:57,217 [DEBUG] pymongo.topology: {"message": "Server heartbeat started", "topologyId": {"$oid": "68a9cd3e2deb1aaa05bc59e0"}, "driverConnectionId": 1, "serverConnectionId": 348718, "serverHost": "ac-l5lkq9k-shard-00-00.od8xhv2.mongodb.net", "serverPort": 27017, "awaited": true}
2025-08-23 19:46:57,413 [DEBUG] pymongo.connection: {"message": "Connection ready", "clientId": {"$oid": "68a9cd3e2deb1aaa05bc59e0"}, "serverHost": "ac-l5lkq9k-shard-00-02.od8xhv2.mongodb.net", "serverPort": 27017, "driverConnectionId": 1, "durationMS": 0.10899999999674037}
2025-08-23 19:46:57,414 [DEBUG] pymongo.connection: {"message": "Connection checked out", "clientId": {"$oid": "68a9cd3e2deb1aaa05bc59e0"}, "serverHost": "ac-l5lkq9k-shard-00-02.od8xhv2.mongodb.net", "serverPort": 27017, "driverConnectionId": 1, "durationMS": 0.23399999999674037}
2025-08-23 19:46:57,414 [DEBUG] pymongo.command: {"message": "Command started", "clientId": {"$oid": "68a9cd3e2deb1aaa05bc59e0"}, "command": "{\"find\": \"users\", \"filter\": {\"email\": \"Roy@example.com\"}, \"limit\": 1, \"singleBatch\": true, \"lsid\": {\"id\": {\"$binary\": {\"base64\": \"TJPvhAafTCKIi8+e+UOYYA==\", \"subType\": \"04\"}}}, \"$clusterTime\": {\"clusterTime\": {\"$timestamp\": {\"t\": 1755958617, \"i\": 2999}}, \"signature\": {\"hash\": {\"$binary\": {\"base64\": \"xQh0bwcqr+jtSc1Xcyddu9f/iIo=\", \"subType\": \"00\"}}, \"keyId\": 7485048259329654796}}, \"$db\": \"event_ticket_booking\"}", "commandName": "find", "databaseName": "event_ticket_booking", "requestId": 26500, "operationId": 26500, "driverConnectionId": 1, "serverConnectionId": 362536, "serverHost": "ac-l5lkq9k-shard-00-02.od8xhv2.mongodb.net", "serverPort": 27017}
2025-08-23 19:46:57,463 [DEBUG] pymongo.command: {"message": "Command succeeded", "clientId": {"$oid": "68a9cd3e2deb1aaa05bc59e0"}, "durationMS": 48.914, "reply": "{\"cursor\": {\"ns\": \"event_ticket_booking.users\"}, \"ok\": 1.0, \"$clusterTime\": {\"clusterTime\": {\"$timestamp\": {\"t\": 1755958617, \"i\": 2999}}, \"signature\": {\"hash\": {\"$binary\": {\"base64\": \"xQh0bwcqr+jtSc1Xcyddu9f/iIo=\", \"subType\": \"00\"}}, \"keyId\": 7485048259329654796}}, \"operationTime\": {\"$timestamp\": {\"t\": 1755958617, \"i\": 2999}}}", "commandName": "find", "databaseName": "event_ticket_booking", "requestId": 26500, "operationId": 26500, "driverConnectionId": 1, "serverConnectionId": 362536, "serverHost": "ac-l5lkq9k-shard-00-02.od8xhv2.mongodb.net", "serverPort": 27017}
2025-08-23 19:46:57,463 [DEBUG] pymongo.connection: {"message": "Connection checked in", "clientId": {"$oid": "68a9cd3e2deb1aaa05bc59e0"}, "serverHost": "ac-l5lkq9k-shard-00-02.od8xhv2.mongodb.net", "serverPort": 27017, "driverConnectionId": 1}
2025-08-23 19:46:57,464 [WARNING] passlib.handlers.bcrypt: (trapped) error reading bcrypt version
Traceback (most recent call last):
  File "C:\Users\svcs\anaconda3\envs\python_3.12\Lib\site-packages\passlib\handlers\bcrypt.py", line 620, in _load_backend_mixin
    version = _bcrypt.__about__.__version__
              ^^^^^^^^^^^^^^^^^
AttributeError: module 'bcrypt' has no attribute '__about__'
2025-08-23 19:46:57,472 [DEBUG] passlib.handlers.bcrypt: detected 'bcrypt' backend, version '<unknown>'
2025-08-23 19:46:57,474 [DEBUG] passlib.handlers.bcrypt: 'bcrypt' backend lacks $2$ support, enabling workaround
2025-08-23 19:46:57,823 [DEBUG] pymongo.serverSelection: {"message": "Server selection started", "selector": "<function writable_server_selector at 0x000001CDDA7CB4C0>", "operation": "insert", "topologyDescription": "<TopologyDescription id: 68a9cd3e2deb1aaa05bc59e0, topology_type: ReplicaSetWithPrimary, servers: [<ServerDescription ('ac-l5lkq9k-shard-00-00.od8xhv2.mongodb.net', 27017) server_type: RSSecondary, rtt: 0.07800000000133878>, <ServerDescription ('ac-l5lkq9k-shard-00-01.od8xhv2.mongodb.net', 27017) server_type: RSSecondary, rtt: 0.030999999999039574>, <ServerDescription ('ac-l5lkq9k-shard-00-02.od8xhv2.mongodb.net', 27017) server_type: RSPrimary, rtt: 0.030999999999039574>]>", "clientId": {"$oid": "68a9cd3e2deb1aaa05bc59e0"}}
2025-08-23 19:46:57,825 [DEBUG] pymongo.serverSelection: {"message": "Server selection succeeded", "selector": "<function writable_server_selector at 0x000001CDDA7CB4C0>", "operation": "insert", "topologyDescription": "<TopologyDescription id: 68a9cd3e2deb1aaa05bc59e0, topology_type: ReplicaSetWithPrimary, servers: [<ServerDescription ('ac-l5lkq9k-shard-00-00.od8xhv2.mongodb.net', 27017) server_type: RSSecondary, rtt: 0.07800000000133878>, <ServerDescription ('ac-l5lkq9k-shard-00-01.od8xhv2.mongodb.net', 27017) server_type: RSSecondary, rtt: 0.030999999999039574>, <ServerDescription ('ac-l5lkq9k-shard-00-02.od8xhv2.mongodb.net', 27017) server_type: RSPrimary, rtt: 0.030999999999039574>]>", "clientId": {"$oid": "68a9cd3e2deb1aaa05bc59e0"}, "serverHost": "ac-l5lkq9k-shard-00-02.od8xhv2.mongodb.net", "serverPort": 27017}
2025-08-23 19:46:57,826 [DEBUG] pymongo.connection: {"message": "Connection checkout started", "clientId": {"$oid": "68a9cd3e2deb1aaa05bc59e0"}, "serverHost": "ac-l5lkq9k-shard-00-02.od8xhv2.mongodb.net", "serverPort": 27017}
2025-08-23 19:46:57,829 [DEBUG] pymongo.connection: {"message": "Connection checked out", "clientId": {"$oid": "68a9cd3e2deb1aaa05bc59e0"}, "serverHost": "ac-l5lkq9k-shard-00-02.od8xhv2.mongodb.net", "serverPort": 27017, "driverConnectionId": 1, "durationMS": 0.0}
2025-08-23 19:46:57,831 [DEBUG] pymongo.command: {"message": "Command started", "clientId": {"$oid": "68a9cd3e2deb1aaa05bc59e0"}, "command": "{\"insert\": \"users\", \"ordered\": true, \"lsid\": {\"id\": {\"$binary\": {\"base64\": \"TJPvhAafTCKIi8+e+UOYYA==\", \"subType\": \"04\"}}}, \"txnNumber\": 1, \"$clusterTime\": {\"clusterTime\": {\"$timestamp\": {\"t\": 1755958617, \"i\": 2999}}, \"signature\": {\"hash\": {\"$binary\": {\"base64\": \"xQh0bwcqr+jtSc1Xcyddu9f/iIo=\", \"subType\": \"00\"}}, \"keyId\": 7485048259329654796}}, \"$db\": \"event_ticket_booking\", \"documents\": [{\"name\": \"Vikarm Roy\", \"email\": \"Roy@example.com\", \"phone\": \"9876543210\", \"password\": \"$2b$12$3UjXv1e.OtX4pHfxnxGlw.v24exp92McUrWzw2KBl6d8Zdm.oPLUK\", \"is_active\": true, \"created_at\": {\"$date\": \"2025-08-23T14:16:57.823Z\"}, \"_id\": {\"$oid\": \"68a9cd592deb1aaa05bc59e1\"}}]}", "commandName": "insert", "databaseName": "event_ticket_booking", "requestId": 19169, "operationId": 19169, "driverConnectionId": 1, "serverConnectionId": 362536, "serverHost": "ac-l5lkq9k-shard-00-02.od8xhv2.mongodb.net", "serverPort": 27017}
2025-08-23 19:46:57,918 [DEBUG] pymongo.command: {"message": "Command succeeded", "clientId": {"$oid": "68a9cd3e2deb1aaa05bc59e0"}, "durationMS": 87.889, "reply": "{\"n\": 1, \"electionId\": {\"$oid\": \"7fffffff00000000000000e8\"}, \"opTime\": {\"ts\": {\"$timestamp\": {\"t\": 1755958618, \"i\": 6}}, \"t\": 232}, \"ok\": 1.0, \"$clusterTime\": {\"clusterTime\": {\"$timestamp\": {\"t\": 1755958618, \"i\": 6}}, \"signature\": {\"hash\": {\"$binary\": {\"base64\": \"BHWMxSryTvV5E5lBLxDyOTmLD4s=\", \"subType\": \"00\"}}, \"keyId\": 7485048259329654796}}, \"operationTime\": {\"$timestamp\": {\"t\": 1755958618, \"i\": 6}}}", "commandName": "insert", "databaseName": "event_ticket_booking", "requestId": 19169, "operationId": 19169, "driverConnectionId": 1, "serverConnectionId": 362536, "serverHost": "ac-l5lkq9k-shard-00-02.od8xhv2.mongodb.net", "serverPort": 27017}
2025-08-23 19:46:57,920 [DEBUG] pymongo.connection: {"message": "Connection checked in", "clientId": {"$oid": "68a9cd3e2deb1aaa05bc59e0"}, "serverHost": "ac-l5lkq9k-shard-00-02.od8xhv2.mongodb.net", "serverPort": 27017, "driverConnectionId": 1}
2025-08-23 19:46:57,923 [INFO] app.services.user_service: User registered successfully: Roy@example.com2025-08-23 20:37:04,675 [WARNING] app.services.user_service: Registration failed: User with email Roy@example.com already exists
2025-08-23 20:37:47,449 [WARNING] passlib.handlers.bcrypt: (trapped) error reading bcrypt version
Traceback (most recent call last):
  File "C:\Users\svcs\anaconda3\envs\python_3.12\Lib\site-packages\passlib\handlers\bcrypt.py", line 620, in _load_backend_mixin
    version = _bcrypt.__about__.__version__
              ^^^^^^^^^^^^^^^^^
AttributeError: module 'bcrypt' has no attribute '__about__'
2025-08-23 20:37:48,140 [INFO] app.services.user_service: User registered: Ram@example.com | user_id=USR001 | _id=68a9d9441039c494ccbf2d94
2025-08-23 22:27:22,541 [WARNING] app.services.user_service: Registration failed: User with email Ram@example.com already exists
2025-08-23 22:28:29,065 [WARNING] passlib.handlers.bcrypt: (trapped) error reading bcrypt version
Traceback (most recent call last):
  File "C:\Users\svcs\anaconda3\envs\python_3.12\Lib\site-packages\passlib\handlers\bcrypt.py", line 620, in _load_backend_mixin
    version = _bcrypt.__about__.__version__
              ^^^^^^^^^^^^^^^^^
AttributeError: module 'bcrypt' has no attribute '__about__'
2025-08-23 22:28:29,746 [INFO] app.services.user_service: User registered: Hari@example.com | user_id=USR002 | _id=68a9f335c53f618189744b94
2025-08-23 22:29:07,806 [INFO] app.services.user_service: User registered: Prabhu@example.com | user_id=USR003 | _id=68a9f35bc53f618189744b95
2025-08-23 22:29:20,368 [WARNING] app.services.user_service: Registration failed: User with email Prabhu@example.com already exists
2025-08-23 22:36:40,292 [WARNING] passlib.handlers.bcrypt: (trapped) error reading bcrypt version
Traceback (most recent call last):
  File "C:\Users\svcs\anaconda3\envs\python_3.12\Lib\site-packages\passlib\handlers\bcrypt.py", line 620, in _load_backend_mixin
    version = _bcrypt.__about__.__version__
              ^^^^^^^^^^^^^^^^^
AttributeError: module 'bcrypt' has no attribute '__about__'
2025-08-23 22:36:43,364 [INFO] app.services.user_service: User registered: Kamal@example.com | user_id=USR004 | _id=68a9f523d4b6249521663871
2025-08-23 22:42:29,574 [WARNING] passlib.handlers.bcrypt: (trapped) error reading bcrypt version
Traceback (most recent call last):
  File "C:\Users\svcs\anaconda3\envs\python_3.12\Lib\site-packages\passlib\handlers\bcrypt.py", line 620, in _load_backend_mixin
    version = _bcrypt.__about__.__version__
              ^^^^^^^^^^^^^^^^^
AttributeError: module 'bcrypt' has no attribute '__about__'
2025-08-23 22:42:32,600 [WARNING] app.services.user_service: Registration failed: Password already used by another user
2025-08-23 22:42:42,971 [WARNING] app.services.user_service: Registration failed: Password already used by another user
2025-08-23 22:45:31,151 [WARNING] passlib.handlers.bcrypt: (trapped) error reading bcrypt version
Traceback (most recent call last):
  File "C:\Users\svcs\anaconda3\envs\python_3.12\Lib\site-packages\passlib\handlers\bcrypt.py", line 620, in _load_backend_mixin
    version = _bcrypt.__about__.__version__
              ^^^^^^^^^^^^^^^^^
AttributeError: module 'bcrypt' has no attribute '__about__'
2025-08-23 22:45:34,079 [WARNING] app.services.user_service: Registration failed: Password already used by another user
2025-08-23 22:45:39,256 [WARNING] app.services.user_service: Registration failed: Password already used by another user
2025-08-23 22:46:27,155 [WARNING] passlib.handlers.bcrypt: (trapped) error reading bcrypt version
Traceback (most recent call last):
  File "C:\Users\svcs\anaconda3\envs\python_3.12\Lib\site-packages\passlib\handlers\bcrypt.py", line 620, in _load_backend_mixin
    version = _bcrypt.__about__.__version__
              ^^^^^^^^^^^^^^^^^
AttributeError: module 'bcrypt' has no attribute '__about__'
2025-08-23 22:46:30,157 [WARNING] app.services.user_service: Registration failed: Password already used by another user
2025-08-23 22:46:47,226 [WARNING] app.services.user_service: Registration failed: Password already used by another user
2025-08-23 22:49:05,575 [WARNING] passlib.handlers.bcrypt: (trapped) error reading bcrypt version
Traceback (most recent call last):
  File "C:\Users\svcs\anaconda3\envs\python_3.12\Lib\site-packages\passlib\handlers\bcrypt.py", line 620, in _load_backend_mixin
    version = _bcrypt.__about__.__version__
              ^^^^^^^^^^^^^^^^^
AttributeError: module 'bcrypt' has no attribute '__about__'
2025-08-23 22:49:08,668 [WARNING] app.services.user_service: Registration failed: Password already used by another user
2025-08-23 22:49:25,516 [INFO] app.services.user_service: User registered: Bhaskar@example.com | user_id=USR005 | _id=68a9f81dd499dabecdae9a12
2025-08-23 22:49:56,844 [WARNING] app.services.user_service: Registration failed: User with email Bhaskar@example.com already exists
2025-08-23 22:50:15,500 [WARNING] app.services.user_service: Registration failed: Password already used by another user
2025-08-23 22:50:28,276 [INFO] app.services.user_service: User registered: Sam@example.com | user_id=USR006 | _id=68a9f85cd499dabecdae9a13
2025-08-23 23:13:59,074 [WARNING] passlib.handlers.bcrypt: (trapped) error reading bcrypt version
Traceback (most recent call last):
  File "C:\Users\svcs\anaconda3\envs\python_3.12\Lib\site-packages\passlib\handlers\bcrypt.py", line 620, in _load_backend_mixin
    version = _bcrypt.__about__.__version__
              ^^^^^^^^^^^^^^^^^
AttributeError: module 'bcrypt' has no attribute '__about__'
2025-08-23 23:13:59,527 [INFO] app.services.user_service: User logged in successfully: Roy@example.com
2025-08-23 23:29:20,908 [WARNING] passlib.handlers.bcrypt: (trapped) error reading bcrypt version
Traceback (most recent call last):
  File "C:\Users\svcs\anaconda3\envs\python_3.12\Lib\site-packages\passlib\handlers\bcrypt.py", line 620, in _load_backend_mixin
    version = _bcrypt.__about__.__version__
              ^^^^^^^^^^^^^^^^^
AttributeError: module 'bcrypt' has no attribute '__about__'
2025-08-23 23:29:21,336 [WARNING] app.services.user_service: Login failed for email: Roy@example.com
2025-08-23 23:29:30,366 [INFO] app.services.user_service: User logged in successfully: Roy@example.com
